mode: set
chapter1/test/main.go:5.23,7.2 1 1
chapter1/test/main.go:9.13,12.2 2 0
